// Jest Snapshot v1, https://goo.gl/fbAQLP

exports[`<ProdutoComponent />  #render should generate snapshot for ProdutoComponent 1`] = `
<app-produto
  a={[Function Number]}
  b={[Function Number]}
  produtos={[Function Array]}
  toggleCompra={[Function Boolean]}
>
  <div
    class="row"
  >
    <p
      class="depart"
    >
      Mais vendidos
    </p>
    
    <div
      class="column"
    >
      <div
        class="card"
        style="width: 13rem;"
      >
        <img
          alt="Card image cap"
          class="card-img-top"
          src="../../assets/produtos/post-it.jpg"
          style="width:100%; height: 30%;"
        />
        <div
          class="card-body"
        >
          <p
            class="card-description"
          >
            Bloco Adesivo Post-It® Rosa - 76 Mm X 76 Mm 1UN 
          </p>
          <p
            class="card-price"
          >
            Preço: 21
          </p>
          <p
            class="card-storage"
          >
            Estoque: 30
          </p>
          <button
            class="button"
            type="button"
          >
            Comprar
          </button>
        </div>
      </div>
    </div>
    <div
      class="column"
    >
      <div
        class="card"
        style="width: 13rem;"
      >
        <img
          alt="Card image cap"
          class="card-img-top"
          src="../../assets/produtos/caderno.jpg"
          style="width:100%; height: 30%;"
        />
        <div
          class="card-body"
        >
          <p
            class="card-description"
          >
            Caderno Tilibra Capa Dura 80 Folhas Neon Laranja 1UN 
          </p>
          <p
            class="card-price"
          >
            Preço: 19
          </p>
          <p
            class="card-storage"
          >
            Estoque: 20
          </p>
          <button
            class="button"
            type="button"
          >
            Comprar
          </button>
        </div>
      </div>
    </div>
    <div
      class="column"
    >
      <div
        class="card"
        style="width: 13rem;"
      >
        <img
          alt="Card image cap"
          class="card-img-top"
          src="../../assets/produtos/canetinha.jpg"
          style="width:100%; height: 30%;"
        />
        <div
          class="card-body"
        >
          <p
            class="card-description"
          >
            Canetinha Hidrográfica 24 Cores Faber Castell 1UN  
          </p>
          <p
            class="card-price"
          >
            Preço: 13
          </p>
          <p
            class="card-storage"
          >
            Estoque: 30
          </p>
          <button
            class="button"
            type="button"
          >
            Comprar
          </button>
        </div>
      </div>
    </div>
    <div
      class="column"
    >
      <div
        class="card"
        style="width: 13rem;"
      >
        <img
          alt="Card image cap"
          class="card-img-top"
          src="../../assets/produtos/papel.jpg"
          style="width:100%; height: 30%;"
        />
        <div
          class="card-body"
        >
          <p
            class="card-description"
          >
            Papel Sulfite Chamequinho A-4 100 Folhas Cor Azul 1UN 
          </p>
          <p
            class="card-price"
          >
            Preço: 25
          </p>
          <p
            class="card-storage"
          >
            Estoque: 20
          </p>
          <button
            class="button"
            type="button"
          >
            Comprar
          </button>
        </div>
      </div>
    </div>
    <div
      class="column"
    >
      <div
        class="card"
        style="width: 13rem;"
      >
        <img
          alt="Card image cap"
          class="card-img-top"
          src="../../assets/produtos/caneta.jpg"
          style="width:100%; height: 30%;"
        />
        <div
          class="card-body"
        >
          <p
            class="card-description"
          >
            Caneta retrátil 1.0 BT C/2 TRION GRIP MOLIN 1200 1UN 
          </p>
          <p
            class="card-price"
          >
            Preço: 20
          </p>
          <p
            class="card-storage"
          >
            Estoque: 30
          </p>
          <button
            class="button"
            type="button"
          >
            Comprar
          </button>
        </div>
      </div>
    </div>
  </div>
</app-produto>
`;
